Sjasm Z80 Assembler v0.42c - www.xl2s.tk             [2021.06.10 - 20:57:32]

t4.asm
Errors: 0

       1   00:0000                      	OUTPUT	"t4.bin"
       2   00:8200                      	
       3   00:8200                      ;;=====================================================
       4   00:8200                      ;;DEFINICIÓN DE CONSTANTES
       5   00:8200                      ;;=====================================================	
       6   00:8200                      	include "constantes.asm"
       1.  00:8200                      ;;=====================================================
       2.  00:8200                      ;; FICHERO constantes.asm
       3.  00:8200                      ;;=====================================================
       4.  00:8200                      
       5.  00:8200                      ;;ETIQUETAS/CONSTANTES BIOS TECLADO
       6.  00:8200  (00:00D8)           GTTRIG	equ		#00D8	;Returns current trigger status
       7.  00:8200  (00:00D5)           GTSTCK	equ		#00D5	;Returns the joystick/cursors status
       8.  00:8200  (00:F3DB)           CLIKSW	equ		#F3DB	;deshabilita el sonido de clic cuando se pulsa una tecla
       9.  00:8200                      
      10.  00:8200                      ;;ETIQUETAS/CONSTANTES BIOS VDP
      11.  00:8200  (00:013E)           RDVDP	equ		#013E	;lee registro status VDP
      12.  00:8200  (00:0047)           WRTVDP	equ		#0047	;escribe registros del VDP
      13.  00:8200  (00:005C)           LDIRVM	equ		#005C	;RAM/ROM -> VRAM
      14.  00:8200  (00:0059)           LDIRMV	equ		#0059	;VRAM -> RAM
      15.  00:8200  (00:005F)           CHGMOD	equ		#005F	;cambia modo pantalla (screen mode)
      16.  00:8200  (00:0041)           DISSCR  equ		#0041	;desactiva pantanlla
      17.  00:8200  (00:0044)           ENASCR  equ		#0044	;activa pantalla
      18.  00:8200  (00:0062)           CHGCLR  equ		#0062	;cambia color de pantalla (toca A y direcciones)
      19.  00:8200  (00:F3E9)           FORCLR	equ		#F3E9	;zona memoria color foreground
      20.  00:8200  (00:F3EA)           BAKCLR  equ		#F3EA	;zona memoria color background
      21.  00:8200  (00:F3EB)           BDRCLR 	equ		#F3EB	;zona memoria bordercolor
      22.  00:8200  (00:00C3)           CLS		equ		#00C3	;limpia pantalla (necesita A=0)
      23.  00:8200                      
      24.  00:8200                      ;;ETIQUETAS/CONSTANTES REGISTROS VDP
      25.  00:8200  (00:F3DF)           RG0SAV	equ		#F3DF	;Mirror of VDP register 0 (Basic: VDP(0))
      26.  00:8200  (00:F3E0)           RG1SAV	equ		#F3E0	;Mirror of VDP register 1 (Basic: VDP(1))
      27.  00:8200  (00:F3E1)           RG2SAV	equ		#F3E1	;Mirror of VDP register 2 (Basic: VDP(2))
      28.  00:8200  (00:F3E2)           RG3SAV	equ		#F3E2	;Mirror of VDP register 3 (Basic: VDP(3))
      29.  00:8200  (00:F3E3)           RG4SAV	equ		#F3E3	;Mirror of VDP register 4 (Basic: VDP(4))
      30.  00:8200  (00:F3E4)           RG5SAV	equ		#F3E4	;Mirror of VDP register 5 (Basic: VDP(5))
      31.  00:8200  (00:F3E5)           RG6SAV	equ		#F3E5	;Mirror of VDP register 6 (Basic: VDP(6))
      32.  00:8200  (00:F3E6)           RG7SAV	equ		#F3E6	;Mirror of VDP register 7 (Basic: VDP(7))
      33.  00:8200  (00:F3E7)           STATFL	equ		#F3E7	;Mirror of VDP(8) status register (S#0)
      34.  00:8200                      
      35.  00:8200                      ;; PTRAS LLAMADAS A LA BIOS
      36.  00:8200  (00:00C0)           BEEP	equ		#00C0	;toca todos los registros
      37.  00:8200                      
       7   00:8200                      
       8   00:8200                      ;;=====================================================
       9   00:8200                      ;;DEFINICIÓN DE CABECERA DE ARCHIVO BIN
      10   00:8200                      ;;=====================================================		
      11   00:8200                      	include "cabecerabin.asm"
       1.  00:8200                      ;;=====================================================
       2.  00:8200                      ;; FICHERO cabecera.asm
       3.  00:8200                      ;;=====================================================
       4.  00:8200                      
       5.  00:8200                      ;;CABECERA FICHERO BIN
       6.  00:8200  FE                  	DB	#FE
       7.  00:8201  00 82               	DW	START
       8.  00:8203  0E 97               	DW	END
       9.  00:8205  00 82               	DW	START
      10.  00:8207                      
      11.  00:8207                      ;;INICIO CÓDIGO PROGRAMA	
      12.  00:8207                      	ORG	#8200
      13.  00:8200                      	
      12   00:8200                      	
      13   00:8200                      START:
      14   00:8200                      	
      15   00:8200                      	;inicializa pantalla y entonrno
      16   00:8200  CD 2F 82            	CALL	sub_preparapantalla
      17   00:8203                      	
      18   00:8203                      	;inicializa variables para parametrizar funciones y que lo que se muestre sea variable (nº vidas, mapa, puertas, pantalla, etc...)
      19   00:8203  CD 5C 82            	CALL	inicializa_variables_pruebas
      20   00:8206                      	
      21   00:8206                      		;cargamos los patrones
      22   00:8206  21 0E 86            	LD		HL,tiles_patrones_pantalla
      23   00:8209  11 00 00            	LD		DE,#0000
      24   00:820C  01 00 08            	LD		BC,256*8*1
      25   00:820F  CD 5C 00            	CALL	LDIRVM		
      26   00:8212                      	
      27   00:8212                      	;cargamos mapa de pantalla
      28   00:8212  21 0E 96            	LD		HL,tiles_mapa_pantalla
      29   00:8215  11 00 18            	LD		DE,#1800
      30   00:8218  01 00 01            	LD		BC,256*1
      31   00:821B  CD 5C 00            	CALL	LDIRVM
      32   00:821E                      	
      33   00:821E                      	;cargamos los colores de los patrones
      34   00:821E  21 0E 8E            	LD		HL,tiles_color_pantalla
      35   00:8221  11 00 20            	LD		DE,#2000
      36   00:8224  01 00 08            	LD		BC,256*8*1
      37   00:8227  CD 5C 00            	CALL	LDIRVM
      38   00:822A                      	
      39   00:822A                      loop_principal:
      40   00:822A                      	
      41   00:822A  00                  	NOP
      42   00:822B                      	
      43   00:822B  C3 2A 82            	JP		loop_principal
      44   00:822E                      	
      45   00:822E  C9                  	RET
      46   00:822F                      
      47   00:822F                      ;;=====================================================
      48   00:822F                      ;;DEFINICIÓN DE SUBRUTINAS
      49   00:822F                      ;;=====================================================		
      50   00:822F                      	include "subrutinas.asm"
       1.  00:822F                      ;;=====================================================
       2.  00:822F                      ;;DEFINICIÓN DE SUBRUTINAS
       3.  00:822F                      ;;=====================================================	
       4.  00:822F                      
       5.  00:822F                      sub_preparapantalla:
       6.  00:822F                      	;toca A y Z
       7.  00:822F                      elimina_clic;
       8.  00:822F  AF                  	XOR		 A
       9.  00:8230  32 DB F3            	LD		(CLIKSW),A
      10.  00:8233                      fin_elimina_clic:
      11.  00:8233                      
      12.  00:8233                      	;toca A
      13.  00:8233                      limpia_pantalla:
      14.  00:8233  AF                  	XOR			A
      15.  00:8234  CD C3 00            	CALL 		CLS
      16.  00:8237                      fin_limpia_pantalla:
      17.  00:8237                      
      18.  00:8237                      	;toca A y direcciones #F3E9/#F3EA/#F3EB
      19.  00:8237                      set_color:
      20.  00:8237  3E 02               	LD		 A,2				;verde oscuro
      21.  00:8239  32 E9 F3            	LD 		(FORCLR),A
      22.  00:823C  3E 01               	LD		 A,1				;negro
      23.  00:823E  32 EA F3            	LD 		(BAKCLR),A
      24.  00:8241  3E 01               	LD		 A,1				;negro
      25.  00:8243  32 EB F3            	LD 		(BDRCLR),A
      26.  00:8246  CD 62 00            	CALL	CHGCLR  
      27.  00:8249                      fin_set_color:
      28.  00:8249                      	
      29.  00:8249                      	;cambiamos a SCREEN 2,2 del BASIC
      30.  00:8249                      	;toca A
      31.  00:8249                      screen2:
      32.  00:8249  3E 02               	LD		 A,2
      33.  00:824B  CD 5F 00            	CALL	CHGMOD			;selecciona screen 2
      34.  00:824E                      sprites_16_16:
      35.  00:824E  3A E0 F3            	LD		 A,(RG1SAV)
      36.  00:8251  F6 02               	OR		00000010b		;fuerza sprites de 16x16
      37.  00:8253  32 E0 F3            	LD		(RG1SAV),A		;no lo guardamos en la copia de variables del sistema
      38.  00:8256  47                  	LD		 B,A
      39.  00:8257  0E 01               	LD		 C,1
      40.  00:8259  C3 47 00            	JP		WRTVDP			;opción alternativa de escribir las tres lineas siguientes
      41.  00:825C                      	;~ CALL	WRTVDP			;lo escribe en el registro 1 del VDP
      42.  00:825C                      	;~ RET
      43.  00:825C                      fin_sub_preparapantalla:
      44.  00:825C                      	
      45.  00:825C                      	
      51   00:825C                      	
      52   00:825C                      inicializa_variables_pruebas:
      53   00:825C  3E 03               	LD		 A,3
      54   00:825E  32 0B 86            	LD		(prota.vidas),A
      55   00:8261                      
      56   00:8261  3E 03               	LD		 A,3
      57   00:8263  32 0D 86            	LD		(prota.reliquias),A
      58   00:8266                      
      59   00:8266  3E FA               	LD		 A,250
      60   00:8268  32 0C 86            	LD		(prota.energia),A
      61   00:826B                      
      62   00:826B  AF                  	XOR		 A
      63   00:826C  32 09 86            	LD		(prota.nivel),A
      64   00:826F                      	
      65   00:826F  3E 04               	LD		 A,#04		;fila 0 columna 4
      66   00:8271  32 0A 86            	LD		(prota.pos_nivel),A
      67   00:8274                      
      68   00:8274                      ;	CALL	pinta_vidas
      69   00:8274                      ;	CALL	pinta_reliquias
      70   00:8274                      ;	CALL	pinta_energía
      71   00:8274                      ;	CALL	pinta_pantalla -> CALL pinta_puertas
      72   00:8274                      	
      73   00:8274                      fin_inicializa_variables_pruebas:
      74   00:8274  C9                  	RET
      75   00:8275                      	
      76   00:8275                      	
      77   00:8275                      ;;=====================================================
      78   00:8275                      ;;DEFINICIÓN DE ESTRUCTURAS
      79   00:8275                      ;;=====================================================		
      80   00:8275                      	include "estructuras.asm"
       1.  00:8275                      ;;=====================================================
       2.  00:8275                      ;;DEFINICIÓN DE ESTRUCTURAS
       3.  00:8275                      ;;=====================================================
       4.  00:8275                      
       5.  00:8275                      	STRUCT ESTRUCTURA_PUNTOMIRA
       6.  00:8275                    < posx		DB		0
       7.  00:8275                    < posy		DB		0
       8.  00:8275                    < color		DB		0
       9.  00:8275                    < retardo		DB		0
      10.  00:8275                    < ; al final he decidido (ya que el punto de mira es el prota) que lo relacionado con el prota vaya en esta estructura
      11.  00:8275                    < nivel		DB		0
      12.  00:8275                    < pos_nivel	DB		0	;como es una matriz de 8x8 (aunque sólo use 7x7) se usa el bytealto para fila y el byte bajo para columna
      13.  00:8275                    < vidas		DB		3
      14.  00:8275                    < energia		DB		250
      15.  00:8275                    < reliquias	DB		3
      16.  00:8275                    < 	ENDSTRUCT;ESTRUCTURA_PUNTOMIRA
      17.  00:8275                      	
      18.  00:8275                      	STRUCT ESTRUCTURA_ENEMIGO
      19.  00:8275                    < existe		DB		0			;0 no existe y 1 existe (así recorro el array y sólo actuo en los enemigos creados no muertos)
      20.  00:8275                    < tipo		DB		0			;(0 serpiente)
      21.  00:8275                    < posx		DB		50
      22.  00:8275                    < posy		DB		50
      23.  00:8275                    < color		DB		5
      24.  00:8275                    < paso		DB		0			;paso 0 o 1 (2 escenas)
      25.  00:8275                    < retardo		DB		0			;entre 0 y 9
      26.  00:8275                    < energia		DB		0			;energía del enemigo... si llega a 0 => existe <- 0
      27.  00:8275                    < 	ENDSTRUCT;ESTRUCTURA_PUNTOMIRAA
      81   00:8275                      	
      82   00:8275                      ;;=====================================================
      83   00:8275                      ;;DEFINICIÓN DE VARIABLES
      84   00:8275                      ;;=====================================================		
      85   00:8275                      	include "sprites.asm"
       1.  00:8275                      ;;=====================================================
       2.  00:8275                      ;;DEFINICIÓN DE SPRITES
       3.  00:8275                      ;;=====================================================	
       4.  00:8275                      sprites_pantantalla:
       5.  00:8275                      
       6.  00:8275                      sprite_punto_mira:
       7.  00:8275                      	db  #00,#01,#0F,#11,#20,#24,#20,#71
       7.  00:8275  00 01 0F 11 20 24 20 71 
       8.  00:827D                      	db  #71,#20,#24,#20,#11,#0F,#01,#00
       8.  00:827D  71 20 24 20 11 0F 01 00 
       9.  00:8285                      	db  #00,#80,#F0,#88,#04,#24,#04,#8E
       9.  00:8285  00 80 F0 88 04 24 04 8E 
      10.  00:828D                      	db  #8E,#04,#24,#04,#88,#F0,#80,#00
      10.  00:828D  8E 04 24 04 88 F0 80 00 
      11.  00:8295                      	
      12.  00:8295                      sprite_punto_mira_disp:
      13.  00:8295                      	DB  #FF,#FF,#FF,#FF,#FF,#FF,#FF,#FF
      13.  00:8295  FF FF FF FF FF FF FF FF 
      14.  00:829D                      	DB  #FF,#FF,#FF,#FF,#FF,#FF,#FF,#FF
      14.  00:829D  FF FF FF FF FF FF FF FF 
      15.  00:82A5                      	DB  #FF,#FF,#FF,#FF,#FF,#FF,#FF,#FF
      15.  00:82A5  FF FF FF FF FF FF FF FF 
      16.  00:82AD                      	DB  #FF,#FF,#FF,#FF,#FF,#FF,#FF,#FF
      16.  00:82AD  FF FF FF FF FF FF FF FF 
      17.  00:82B5                      	
      18.  00:82B5                      serpiente_paso1:
      19.  00:82B5                      	DB #00,#00,#00,#00,#00,#00,#00,#10
      19.  00:82B5  00 00 00 00 00 00 00 10 
      20.  00:82BD                      	DB #30,#20,#60,#70,#38,#1C,#1F,#0F
      20.  00:82BD  30 20 60 70 38 1C 1F 0F 
      21.  00:82C5                      	DB #00,#38,#7C,#76,#7E,#7C,#FA,#C1
      21.  00:82C5  00 38 7C 76 7E 7C FA C1 
      22.  00:82CD                      	DB #E0,#60,#70,#78,#3C,#1C,#F8,#F8
      22.  00:82CD  E0 60 70 78 3C 1C F8 F8 
      23.  00:82D5                      
      24.  00:82D5                      serpiente_paso2:
      25.  00:82D5                      	DB #00,#00,#00,#00,#00,#00,#01,#05
      25.  00:82D5  00 00 00 00 00 00 01 05 
      26.  00:82DD                      	DB #1C,#30,#30,#30,#38,#1C,#1F,#0F
      26.  00:82DD  1C 30 30 30 38 1C 1F 0F 
      27.  00:82E5                      	DB #00,#70,#F8,#EC,#FC,#F8,#F5,#C2
      27.  00:82E5  00 70 F8 EC FC F8 F5 C2 
      28.  00:82ED                      	DB #E0,#60,#70,#38,#18,#1C,#F8,#F0
      28.  00:82ED  E0 60 70 38 18 1C F8 F0 
      86   00:82F5                      	
      87   00:82F5                      	include "habitaciones.asm"
       1.  00:82F5                      ;;=====================================================
       2.  00:82F5                      ;;DEFINICIÓN DE HABITACIONES x NIVEL
       3.  00:82F5                      ;;=====================================================	
       4.  00:82F5                      
       5.  00:82F5                      ; sólo voy a usar 7x7 pero como los arrays son lineales y voy a trabajar con matrices
       6.  00:82F5                      ; me interesa que seande  8x8 aunque sólo trabaje con 7x7
       7.  00:82F5                      
       8.  00:82F5                      ; ojo... la primera linea corresponderá a la primera linea del castillo no a la última
       9.  00:82F5                      
      10.  00:82F5                      ;; definición de estructura de bits
      11.  00:82F5                      ;~ Tipo DW
      12.  00:82F5                      ;~ 0 - lleno o vacío (si ya se ha pasado)
      13.  00:82F5                      ;~ 0000 - nº puertas 1 arriba 1 derecha 1 abajo 1 izquierda
      14.  00:82F5                      ;~ 1 - hay reliquia?
      15.  00:82F5                      ;~ 1 - hay vida extra?
      16.  00:82F5                      ;~ 1 - hay arma extra (durará 6 pantallas - sonido distinto)
      17.  00:82F5                      ;~ 1 - hay energía? (sobran bits ... se puede usar otro como carga energía +)
      18.  00:82F5                      ;~ 1 - es pantalla final?
      19.  00:82F5                      ;~ 1 - es pantalla inicial (equivaldría a la puerta de un castillo)?
      20.  00:82F5                      ;~ 1 - es pantalla de mostruo fin de fase?
      21.  00:82F5                      
      22.  00:82F5                      
      23.  00:82F5                      habitaciones:
      24.  00:82F5                      
      25.  00:82F5                      habitaciones_nivel1:
      26.  00:82F5                      ;--------------------* habitación inicial
      27.  00:82F5                      	dw  #00,#00,#00,#1F,#00,#00,#00,#00 ;(primera fila)
      27.  00:82F5  00 00 00 00 00 00 1F 00 00 00 00 00 00 00 00 00 
      28.  00:8305                      	dw  #00,#00,#00,#00,#00,#00,#00,#00
      28.  00:8305  00 00 00 00 00 00 00 00 00 00 00 00 00 00 00 00 
      29.  00:8315                      	dw  #00,#00,#00,#00,#00,#00,#00,#00
      29.  00:8315  00 00 00 00 00 00 00 00 00 00 00 00 00 00 00 00 
      30.  00:8325                      	dw  #00,#00,#00,#00,#00,#00,#00,#00
      30.  00:8325  00 00 00 00 00 00 00 00 00 00 00 00 00 00 00 00 
      31.  00:8335                      	dw  #00,#00,#00,#00,#00,#00,#00,#00
      31.  00:8335  00 00 00 00 00 00 00 00 00 00 00 00 00 00 00 00 
      32.  00:8345                      	dw  #00,#00,#00,#00,#00,#00,#00,#00
      32.  00:8345  00 00 00 00 00 00 00 00 00 00 00 00 00 00 00 00 
      33.  00:8355                      	dw  #00,#00,#00,#00,#00,#00,#00,#00 ;(última fila)
      33.  00:8355  00 00 00 00 00 00 00 00 00 00 00 00 00 00 00 00 
      34.  00:8365                      	
      35.  00:8365                      habitaciones_nivel2:
      36.  00:8365                      	dw  #00,#00,#00,#00,#00,#00,#00,#00 ;(primera fila)
      36.  00:8365  00 00 00 00 00 00 00 00 00 00 00 00 00 00 00 00 
      37.  00:8375                      	dw  #00,#00,#00,#00,#00,#00,#00,#00
      37.  00:8375  00 00 00 00 00 00 00 00 00 00 00 00 00 00 00 00 
      38.  00:8385                      	dw  #00,#00,#00,#00,#00,#00,#00,#00
      38.  00:8385  00 00 00 00 00 00 00 00 00 00 00 00 00 00 00 00 
      39.  00:8395                      	dw  #00,#00,#00,#00,#00,#00,#00,#00
      39.  00:8395  00 00 00 00 00 00 00 00 00 00 00 00 00 00 00 00 
      40.  00:83A5                      	dw  #00,#00,#00,#00,#00,#00,#00,#00
      40.  00:83A5  00 00 00 00 00 00 00 00 00 00 00 00 00 00 00 00 
      41.  00:83B5                      	dw  #00,#00,#00,#00,#00,#00,#00,#00
      41.  00:83B5  00 00 00 00 00 00 00 00 00 00 00 00 00 00 00 00 
      42.  00:83C5                      	dw  #00,#00,#00,#00,#00,#00,#00,#00 ;(última fila)
      42.  00:83C5  00 00 00 00 00 00 00 00 00 00 00 00 00 00 00 00 
      43.  00:83D5                      	
      44.  00:83D5                      habitaciones_nivel3:
      45.  00:83D5                      	dw  #00,#00,#00,#00,#00,#00,#00,#00 ;(primera fila)
      45.  00:83D5  00 00 00 00 00 00 00 00 00 00 00 00 00 00 00 00 
      46.  00:83E5                      	dw  #00,#00,#00,#00,#00,#00,#00,#00
      46.  00:83E5  00 00 00 00 00 00 00 00 00 00 00 00 00 00 00 00 
      47.  00:83F5                      	dw  #00,#00,#00,#00,#00,#00,#00,#00
      47.  00:83F5  00 00 00 00 00 00 00 00 00 00 00 00 00 00 00 00 
      48.  00:8405                      	dw  #00,#00,#00,#00,#00,#00,#00,#00
      48.  00:8405  00 00 00 00 00 00 00 00 00 00 00 00 00 00 00 00 
      49.  00:8415                      	dw  #00,#00,#00,#00,#00,#00,#00,#00
      49.  00:8415  00 00 00 00 00 00 00 00 00 00 00 00 00 00 00 00 
      50.  00:8425                      	dw  #00,#00,#00,#00,#00,#00,#00,#00
      50.  00:8425  00 00 00 00 00 00 00 00 00 00 00 00 00 00 00 00 
      51.  00:8435                      	dw  #00,#00,#00,#00,#00,#00,#00,#00 ;(última fila)
      51.  00:8435  00 00 00 00 00 00 00 00 00 00 00 00 00 00 00 00 
      52.  00:8445                      	
      53.  00:8445                      habitaciones_nivel4:
      54.  00:8445                      	dw  #00,#00,#00,#00,#00,#00,#00,#00 ;(primera fila)
      54.  00:8445  00 00 00 00 00 00 00 00 00 00 00 00 00 00 00 00 
      55.  00:8455                      	dw  #00,#00,#00,#00,#00,#00,#00,#00
      55.  00:8455  00 00 00 00 00 00 00 00 00 00 00 00 00 00 00 00 
      56.  00:8465                      	dw  #00,#00,#00,#00,#00,#00,#00,#00
      56.  00:8465  00 00 00 00 00 00 00 00 00 00 00 00 00 00 00 00 
      57.  00:8475                      	dw  #00,#00,#00,#00,#00,#00,#00,#00
      57.  00:8475  00 00 00 00 00 00 00 00 00 00 00 00 00 00 00 00 
      58.  00:8485                      	dw  #00,#00,#00,#00,#00,#00,#00,#00
      58.  00:8485  00 00 00 00 00 00 00 00 00 00 00 00 00 00 00 00 
      59.  00:8495                      	dw  #00,#00,#00,#00,#00,#00,#00,#00
      59.  00:8495  00 00 00 00 00 00 00 00 00 00 00 00 00 00 00 00 
      60.  00:84A5                      	dw  #00,#00,#00,#00,#00,#00,#00,#00 ;(última fila)
      60.  00:84A5  00 00 00 00 00 00 00 00 00 00 00 00 00 00 00 00 
      61.  00:84B5                      	
      62.  00:84B5                      habitaciones_nivel5:
      63.  00:84B5                      	dw  #00,#00,#00,#00,#00,#00,#00,#00 ;(primera fila)
      63.  00:84B5  00 00 00 00 00 00 00 00 00 00 00 00 00 00 00 00 
      64.  00:84C5                      	dw  #00,#00,#00,#00,#00,#00,#00,#00
      64.  00:84C5  00 00 00 00 00 00 00 00 00 00 00 00 00 00 00 00 
      65.  00:84D5                      	dw  #00,#00,#00,#00,#00,#00,#00,#00
      65.  00:84D5  00 00 00 00 00 00 00 00 00 00 00 00 00 00 00 00 
      66.  00:84E5                      	dw  #00,#00,#00,#00,#00,#00,#00,#00
      66.  00:84E5  00 00 00 00 00 00 00 00 00 00 00 00 00 00 00 00 
      67.  00:84F5                      	dw  #00,#00,#00,#00,#00,#00,#00,#00
      67.  00:84F5  00 00 00 00 00 00 00 00 00 00 00 00 00 00 00 00 
      68.  00:8505                      	dw  #00,#00,#00,#00,#00,#00,#00,#00
      68.  00:8505  00 00 00 00 00 00 00 00 00 00 00 00 00 00 00 00 
      69.  00:8515                      	dw  #00,#00,#00,#00,#00,#00,#00,#00 ;(última fila)
      69.  00:8515  00 00 00 00 00 00 00 00 00 00 00 00 00 00 00 00 
      70.  00:8525                      	
      71.  00:8525                      habitaciones_nivel6:
      72.  00:8525                      	dw  #00,#00,#00,#00,#00,#00,#00,#00 ;(primera fila)
      72.  00:8525  00 00 00 00 00 00 00 00 00 00 00 00 00 00 00 00 
      73.  00:8535                      	dw  #00,#00,#00,#00,#00,#00,#00,#00
      73.  00:8535  00 00 00 00 00 00 00 00 00 00 00 00 00 00 00 00 
      74.  00:8545                      	dw  #00,#00,#00,#00,#00,#00,#00,#00
      74.  00:8545  00 00 00 00 00 00 00 00 00 00 00 00 00 00 00 00 
      75.  00:8555                      	dw  #00,#00,#00,#00,#00,#00,#00,#00
      75.  00:8555  00 00 00 00 00 00 00 00 00 00 00 00 00 00 00 00 
      76.  00:8565                      	dw  #00,#00,#00,#00,#00,#00,#00,#00
      76.  00:8565  00 00 00 00 00 00 00 00 00 00 00 00 00 00 00 00 
      77.  00:8575                      	dw  #00,#00,#00,#00,#00,#00,#00,#00
      77.  00:8575  00 00 00 00 00 00 00 00 00 00 00 00 00 00 00 00 
      78.  00:8585                      	dw  #00,#00,#00,#00,#00,#00,#00,#00 ;(última fila)
      78.  00:8585  00 00 00 00 00 00 00 00 00 00 00 00 00 00 00 00 
      79.  00:8595                      	
      80.  00:8595                      habitaciones_nivel7:
      81.  00:8595                      	dw  #00,#00,#00,#00,#00,#00,#00,#00 ;(primera fila)
      81.  00:8595  00 00 00 00 00 00 00 00 00 00 00 00 00 00 00 00 
      82.  00:85A5                      	dw  #00,#00,#00,#00,#00,#00,#00,#00
      82.  00:85A5  00 00 00 00 00 00 00 00 00 00 00 00 00 00 00 00 
      83.  00:85B5                      	dw  #00,#00,#00,#00,#00,#00,#00,#00
      83.  00:85B5  00 00 00 00 00 00 00 00 00 00 00 00 00 00 00 00 
      84.  00:85C5                      	dw  #00,#00,#00,#00,#00,#00,#00,#00
      84.  00:85C5  00 00 00 00 00 00 00 00 00 00 00 00 00 00 00 00 
      85.  00:85D5                      	dw  #00,#00,#00,#00,#00,#00,#00,#00
      85.  00:85D5  00 00 00 00 00 00 00 00 00 00 00 00 00 00 00 00 
      86.  00:85E5                      	dw  #00,#00,#00,#00,#00,#00,#00,#00
      86.  00:85E5  00 00 00 00 00 00 00 00 00 00 00 00 00 00 00 00 
      87.  00:85F5                      	dw  #00,#00,#00,#00,#00,#00,#00,#00 ;(última fila)
      87.  00:85F5  00 00 00 00 00 00 00 00 00 00 00 00 00 00 00 00 
      88.  00:8605                      	
      88   00:8605                      ;definicion de variable del prota usando la estructura del punto de mira
      89   00:8605                      prota:		ESTRUCTURA_PUNTOMIRA
      89   00:8605  00 00 00 00 00 00 03 FA 03 
      90   00:860E                      
      91   00:860E                      
      92   00:860E                      	
      93   00:860E                      ;;=====================================================
      94   00:860E                      ;;DEFINICIÓN DE PANTALLAS
      95   00:860E                      ;;=====================================================		
      96   00:860E                      	include "pantallas.asm"
       1.  00:860E                      ;;=====================================================
       2.  00:860E                      ;;DEFINICIÓN DE PANTALLAS
       3.  00:860E                      ;;=====================================================		
       4.  00:860E  (0800)              tiles_patrones_pantalla:	incbin "pan1_23.til.bank0.bin.chr"
       5.  00:8E0E  (0800)              tiles_color_pantalla:		incbin "pan1_23.til.bank0.bin.clr"
       6.  00:960E  (0100)              tiles_mapa_pantalla:		incbin "pan1_23.map.bank0.bin"
      97   00:970E                      	
      98   00:970E                      
      99   00:970E                      
     100   00:970E                      END:

    LABELS
-------------------------------------------------
00:000000D8 X GTTRIG
00:000000D5 X GTSTCK
00:0000F3DB   CLIKSW
00:0000013E X RDVDP
00:00000047   WRTVDP
00:0000005C   LDIRVM
00:00000059 X LDIRMV
00:0000005F   CHGMOD
00:00000041 X DISSCR
00:00000044 X ENASCR
00:00000062   CHGCLR
00:0000F3E9   FORCLR
00:0000F3EA   BAKCLR
00:0000F3EB   BDRCLR
00:000000C3   CLS
00:0000F3DF X RG0SAV
00:0000F3E0   RG1SAV
00:0000F3E1 X RG2SAV
00:0000F3E2 X RG3SAV
00:0000F3E3 X RG4SAV
00:0000F3E4 X RG5SAV
00:0000F3E5 X RG6SAV
00:0000F3E6 X RG7SAV
00:0000F3E7 X STATFL
00:000000C0 X BEEP
00:00008200   START
00:0000822A   loop_principal
00:0000822F   sub_preparapantalla
00:0000822F X elimina_clic
00:00008233 X fin_elimina_clic
00:00008233 X limpia_pantalla
00:00008237 X fin_limpia_pantalla
00:00008237 X set_color
00:00008249 X fin_set_color
00:00008249 X screen2
00:0000824E X sprites_16_16
00:0000825C X fin_sub_preparapantalla
00:0000825C   inicializa_variables_pruebas
00:00008274 X fin_inicializa_variables_pruebas
00:00000000 X ESTRUCTURA_PUNTOMIRA.posx
00:00000001 X ESTRUCTURA_PUNTOMIRA.posy
00:00000002 X ESTRUCTURA_PUNTOMIRA.color
00:00000003 X ESTRUCTURA_PUNTOMIRA.retardo
00:00000004 X ESTRUCTURA_PUNTOMIRA.nivel
00:00000005 X ESTRUCTURA_PUNTOMIRA.pos_nivel
00:00000006 X ESTRUCTURA_PUNTOMIRA.vidas
00:00000007 X ESTRUCTURA_PUNTOMIRA.energia
00:00000008 X ESTRUCTURA_PUNTOMIRA.reliquias
00:00000009 X ESTRUCTURA_PUNTOMIRA
00:00000000 X ESTRUCTURA_ENEMIGO.existe
00:00000001 X ESTRUCTURA_ENEMIGO.tipo
00:00000002 X ESTRUCTURA_ENEMIGO.posx
00:00000003 X ESTRUCTURA_ENEMIGO.posy
00:00000004 X ESTRUCTURA_ENEMIGO.color
00:00000005 X ESTRUCTURA_ENEMIGO.paso
00:00000006 X ESTRUCTURA_ENEMIGO.retardo
00:00000007 X ESTRUCTURA_ENEMIGO.energia
00:00000008 X ESTRUCTURA_ENEMIGO
00:00008275 X sprites_pantantalla
00:00008275 X sprite_punto_mira
00:00008295 X sprite_punto_mira_disp
00:000082B5 X serpiente_paso1
00:000082D5 X serpiente_paso2
00:000082F5 X habitaciones
00:000082F5 X habitaciones_nivel1
00:00008365 X habitaciones_nivel2
00:000083D5 X habitaciones_nivel3
00:00008445 X habitaciones_nivel4
00:000084B5 X habitaciones_nivel5
00:00008525 X habitaciones_nivel6
00:00008595 X habitaciones_nivel7
00:00008605 X prota
00:00008605 X prota.posx
00:00008606 X prota.posy
00:00008607 X prota.color
00:00008608 X prota.retardo
00:00008609   prota.nivel
00:0000860A   prota.pos_nivel
00:0000860B   prota.vidas
00:0000860C   prota.energia
00:0000860D   prota.reliquias
00:0000860E   tiles_patrones_pantalla
00:00008E0E   tiles_color_pantalla
00:0000960E   tiles_mapa_pantalla
00:0000970E   END


 Output: t4.out
-------------------------------------------------

 Page: 00
  Org: 00008200  Size: *  Used: 00000000

    No output

 Output: t4.bin
-------------------------------------------------

 Page: 00
  Org: 00008200  Size: *  Used: 00001515

   Address   Length Align   Label
   00008200    5397         START
