Sjasm Z80 Assembler v0.42c - www.xl2s.tk             [2021.06.14 - 21:09:44]

t4.asm
Errors: 0

       1   00:0000                      	OUTPUT	"t4.bin"
       2   00:8200                      	
       3   00:8200                      ;;=====================================================
       4   00:8200                      ;;DEFINICIÓN DE CONSTANTES
       5   00:8200                      ;;=====================================================	
       6   00:8200                      	include "constantes.asm"
       1.  00:8200                      ;;=====================================================
       2.  00:8200                      ;; FICHERO constantes.asm
       3.  00:8200                      ;;=====================================================
       4.  00:8200                      
       5.  00:8200                      ;;ETIQUETAS/CONSTANTES BIOS TECLADO
       6.  00:8200  (00:00D8)           GTTRIG		equ		#00D8	;Returns current trigger status
       7.  00:8200  (00:00D5)           GTSTCK		equ		#00D5	;Returns the joystick/cursors status
       8.  00:8200  (00:F3DB)           CLIKSW		equ		#F3DB	;deshabilita el sonido de clic cuando se pulsa una tecla
       9.  00:8200                      
      10.  00:8200                      ;;ETIQUETAS/CONSTANTES BIOS VDP
      11.  00:8200  (00:013E)           RDVDP		equ		#013E	;lee registro status VDP
      12.  00:8200  (00:0047)           WRTVDP		equ		#0047	;escribe registros del VDP
      13.  00:8200  (00:005C)           LDIRVM		equ		#005C	;RAM/ROM -> VRAM
      14.  00:8200  (00:0059)           LDIRMV		equ		#0059	;VRAM -> RAM
      15.  00:8200  (00:005F)           CHGMOD		equ		#005F	;cambia modo pantalla (screen mode)
      16.  00:8200  (00:0041)           DISSCR  	equ		#0041	;desactiva pantanlla
      17.  00:8200  (00:0044)           ENASCR  	equ		#0044	;activa pantalla
      18.  00:8200  (00:0062)           CHGCLR  	equ		#0062	;cambia color de pantalla (toca A y direcciones)
      19.  00:8200  (00:F3E9)           FORCLR		equ		#F3E9	;zona memoria color foreground
      20.  00:8200  (00:F3EA)           BAKCLR  	equ		#F3EA	;zona memoria color background
      21.  00:8200  (00:F3EB)           BDRCLR 		equ		#F3EB	;zona memoria bordercolor
      22.  00:8200  (00:00C3)           CLS			equ		#00C3	;limpia pantalla (necesita A=0)
      23.  00:8200                      
      24.  00:8200                      ;;ETIQUETAS/CONSTANTES REGISTROS VDP
      25.  00:8200  (00:F3DF)           RG0SAV		equ		#F3DF	;Mirror of VDP register 0 (Basic: VDP(0))
      26.  00:8200  (00:F3E0)           RG1SAV		equ		#F3E0	;Mirror of VDP register 1 (Basic: VDP(1))
      27.  00:8200  (00:F3E1)           RG2SAV		equ		#F3E1	;Mirror of VDP register 2 (Basic: VDP(2))
      28.  00:8200  (00:F3E2)           RG3SAV		equ		#F3E2	;Mirror of VDP register 3 (Basic: VDP(3))
      29.  00:8200  (00:F3E3)           RG4SAV		equ		#F3E3	;Mirror of VDP register 4 (Basic: VDP(4))
      30.  00:8200  (00:F3E4)           RG5SAV		equ		#F3E4	;Mirror of VDP register 5 (Basic: VDP(5))
      31.  00:8200  (00:F3E5)           RG6SAV		equ		#F3E5	;Mirror of VDP register 6 (Basic: VDP(6))
      32.  00:8200  (00:F3E6)           RG7SAV		equ		#F3E6	;Mirror of VDP register 7 (Basic: VDP(7))
      33.  00:8200  (00:F3E7)           STATFL		equ		#F3E7	;Mirror of VDP(8) status register (S#0)
      34.  00:8200                      
      35.  00:8200                      ;;ETIQUETAS DE ZONAS DE MEMORIA DE LA VPD (MSX1)
      36.  00:8200  (00:1800)           SC2MAP		equ		#1800
      37.  00:8200                      
      38.  00:8200                      ;; OTRAS LLAMADAS A LA BIOS
      39.  00:8200  (00:00C0)           BEEP		equ		#00C0	;toca todos los registros
      40.  00:8200                      
      41.  00:8200                      ;;ETIQUETAS ESTANDAR PARA DAR MÁS CLARIDAD AL CODIGO
      42.  00:8200  (00:0001)           SI			equ		#0001
      43.  00:8200  (00:0000)           NO			equ		#0000
      44.  00:8200                      
      45.  00:8200                      ;;ETIQUETAS ESPECIFICAS PARA DAR MÁS CLARIDAD AL CODIGO (relacionadas con posiciones en mapa vdp)
      46.  00:8200  (00:0008)           NMAXVIDREL	equ		#0008	;el número máximo de vidas y de reliquias es de 8
      47.  00:8200                      
      48.  00:8200                      ;;ETIQUETAS ESPECIFICAS PARA DAR MÁS CLARIDAD AL CODIGO (relacionadas con posiciones en mapa vdp)
      49.  00:8200  (00:000D)           POSCARAMAP	equ		#000D
      50.  00:8200  (00:0248)           POSVIDAS	equ		#0248
      51.  00:8200  (00:0011)           POSRELIMAP	equ		#0011
      52.  00:8200  (00:02C8)           POSRELIQ	equ		#02C8
      53.  00:8200  (00:02B4)           POSNIVEL	equ		#02B4
       7   00:8200                      
       8   00:8200                      ;;=====================================================
       9   00:8200                      ;;DEFINICIÓN DE CABECERA DE ARCHIVO BIN
      10   00:8200                      ;;=====================================================		
      11   00:8200                      	include "cabecerabin.asm"
       1.  00:8200                      ;;=====================================================
       2.  00:8200                      ;; FICHERO cabecera.asm
       3.  00:8200                      ;;=====================================================
       4.  00:8200                      
       5.  00:8200                      ;;CABECERA FICHERO BIN
       6.  00:8200  FE                  	DB	#FE
       7.  00:8201  00 82               	DW	START
       8.  00:8203  08 BA               	DW	END
       9.  00:8205  00 82               	DW	START
      10.  00:8207                      
      11.  00:8207                      ;;INICIO CÓDIGO PROGRAMA	
      12.  00:8207                      	ORG	#8200
      13.  00:8200                      	
      12   00:8200                      	
      13   00:8200                      START:
      14   00:8200                      	
      15   00:8200                      	;inicializa pantalla y entonrno
      16   00:8200  CD 2A 82            	CALL	sub_preparapantalla
      17   00:8203                      	
      18   00:8203                      	;inicializa variables para parametrizar funciones y que lo que se muestre sea variable (nº vidas, mapa, puertas, pantalla, etc...)
      19   00:8203  CD 04 83            	CALL	inicializa_variables_pruebas
      20   00:8206                      	
      21   00:8206                      	;pinta la pantalla (la primera o algunas especiales se pintan completamente)
      22   00:8206  CD 57 82            	CALL	pinta_pantalla_completa
      23   00:8209                      	
      24   00:8209                      	;funciones que modificarian el marcador si se produce un evento cuando toque y cuando se pinta la pantalla ya se mira
      25   00:8209                      	; una variable para ver si el array hay que actualizarlo en pantalla o no
      26   00:8209  CD CC 82            	CALL	actualiza_marcador_vidas
      27   00:820C  CD 28 83            	CALL	actualiza_marcador_reliquias
      28   00:820F  CD F4 82            	CALL	pinta_nivel
      29   00:8212                      	
      30   00:8212                      	
      31   00:8212                      loop_principal:
      32   00:8212  76                  	HALT							;espera VBLANK y sincroniza
      33   00:8213                      mira_pinta_vidas:
      34   00:8213  3A EB 86            	LD		 A,(actualiza_vidas_sn)
      35   00:8216  B7                  	OR		 A
      36   00:8217  28 03               	JR		 Z,fin_mira_pinta_vidas
      37   00:8219  CD E3 82            	CALL	pinta_vidas
      38   00:821C                      fin_mira_pinta_vidas:	
      39   00:821C                      
      40   00:821C                      mira_pinta_reliquias:
      41   00:821C  3A F5 86            	LD		 A,(actualiza_reliquias_sn)
      42   00:821F  B7                  	OR		 A
      43   00:8220  28 03               	JR		 Z,fin_mira_pinta_reliquias
      44   00:8222  CD 41 83            	CALL	pinta_reliquias
      45   00:8225                      fin_mira_pinta_reliquias:
      46   00:8225                      	
      47   00:8225  00                  	NOP
      48   00:8226                      		
      49   00:8226  C3 12 82            	JP		loop_principal
      50   00:8229                      	
      51   00:8229  C9                  	RET
      52   00:822A                      
      53   00:822A                      ;;=====================================================
      54   00:822A                      ;;DEFINICIÓN DE SUBRUTINAS
      55   00:822A                      ;;=====================================================
      56   00:822A                      	include "subrutinas.asm"
       1.  00:822A                      ;;=====================================================
       2.  00:822A                      ;;DEFINICIÓN DE SUBRUTINAS
       3.  00:822A                      ;;=====================================================	
       4.  00:822A                      
       5.  00:822A                      
       6.  00:822A                      ;;=====================================================
       7.  00:822A                      ;;PREPARAPANTALLA
       8.  00:822A                      ;;=====================================================	
       9.  00:822A                      ; función: elimina clic cuando se pulsa tecla, cls, screen 2,2
      10.  00:822A                      ; entrada: -
      11.  00:822A                      ; salida: -
      12.  00:822A                      ; toca: si no son todos los regristros, casi todos
      13.  00:822A                      sub_preparapantalla:
      14.  00:822A                      	;toca A y Z
      15.  00:822A                      elimina_clic;
      16.  00:822A  AF                  	XOR		 A
      17.  00:822B  32 DB F3            	LD		(CLIKSW),A
      18.  00:822E                      fin_elimina_clic:
      19.  00:822E                      
      20.  00:822E                      	;toca A
      21.  00:822E                      limpia_pantalla:
      22.  00:822E  AF                  	XOR			A
      23.  00:822F  CD C3 00            	CALL 		CLS
      24.  00:8232                      fin_limpia_pantalla:
      25.  00:8232                      
      26.  00:8232                      	;toca A y direcciones #F3E9/#F3EA/#F3EB
      27.  00:8232                      set_color:
      28.  00:8232  3E 02               	LD		 A,2				;verde oscuro
      29.  00:8234  32 E9 F3            	LD 		(FORCLR),A
      30.  00:8237  3E 01               	LD		 A,1				;negro
      31.  00:8239  32 EA F3            	LD 		(BAKCLR),A
      32.  00:823C  3E 01               	LD		 A,1				;negro
      33.  00:823E  32 EB F3            	LD 		(BDRCLR),A
      34.  00:8241  CD 62 00            	CALL	CHGCLR  
      35.  00:8244                      fin_set_color:
      36.  00:8244                      	
      37.  00:8244                      	;cambiamos a SCREEN 2,2 del BASIC
      38.  00:8244                      	;toca A
      39.  00:8244                      screen2:
      40.  00:8244  3E 02               	LD		 A,2
      41.  00:8246  CD 5F 00            	CALL	CHGMOD			;selecciona screen 2
      42.  00:8249                      sprites_16_16:
      43.  00:8249  3A E0 F3            	LD		 A,(RG1SAV)
      44.  00:824C  F6 02               	OR		00000010b		;fuerza sprites de 16x16
      45.  00:824E  32 E0 F3            	LD		(RG1SAV),A		;no lo guardamos en la copia de variables del sistema
      46.  00:8251  47                  	LD		 B,A
      47.  00:8252  0E 01               	LD		 C,1
      48.  00:8254  C3 47 00            	JP		WRTVDP			;opción alternativa de escribir las tres lineas siguientes
      49.  00:8257                      	;~ CALL	WRTVDP			;lo escribe en el registro 1 del VDP
      50.  00:8257                      	;~ RET
      51.  00:8257                      fin_sub_preparapantalla:
      52.  00:8257                      	
      53.  00:8257                      
      54.  00:8257                      ;;=====================================================
      55.  00:8257                      ;;PINTA_PANTALLA_COMPLETA
      56.  00:8257                      ;;=====================================================	
      57.  00:8257                      ; función: pinta el escenario, las 3 partes
      58.  00:8257                      ; entrada: -
      59.  00:8257                      ; salida: -
      60.  00:8257                      ; toca: si no son todos los regristros, casi todos
      61.  00:8257                      pinta_pantalla_completa:
      62.  00:8257  CD 5E 82            	CALL 	pinta_parte_superior_pantalla
      63.  00:825A                      	
      64.  00:825A  CD A7 82            	CALL 	pinta_parte_inferior_pantalla
      65.  00:825D                      fin_pinta_pantalla_completa:
      66.  00:825D  C9                  	RET
      67.  00:825E                      
      68.  00:825E                      
      69.  00:825E                      ;;=====================================================
      70.  00:825E                      ;;PINTA_PARTE_SUPERIOR_PANTALLA
      71.  00:825E                      ;;=====================================================	
      72.  00:825E                      ; función: pinta el escenario, las 2 partes superiores y actualiza puertas
      73.  00:825E                      ; entrada: -
      74.  00:825E                      ; salida: -
      75.  00:825E                      ; toca: si no son todos los regristros, casi todos
      76.  00:825E                      pinta_parte_superior_pantalla:
      77.  00:825E                      
      78.  00:825E                      ;aquí deberíamos ver qué habitación es (por el nº de puertas, enemigos, si es final y teine escalera, etc) dentro de qué nivel
      79.  00:825E                      
      80.  00:825E                      	;cangando banco 1
      81.  00:825E                      	;cargamos los patrones
      82.  00:825E  21 08 87            	LD		HL,tiles_patrones_pantalla11
      83.  00:8261  11 00 00            	LD		DE,#0000
      84.  00:8264  01 00 08            	LD		BC,256*8*1
      85.  00:8267  CD 5C 00            	CALL	LDIRVM		
      86.  00:826A                      	;cargamos mapa de pantalla
      87.  00:826A  21 08 97            	LD		HL,tiles_mapa_pantalla11
      88.  00:826D  11 00 18            	LD		DE,#1800
      89.  00:8270  01 00 01            	LD		BC,256*1
      90.  00:8273  CD 5C 00            	CALL	LDIRVM
      91.  00:8276                      	;cargamos los colores de los patrones
      92.  00:8276  21 08 8F            	LD		HL,tiles_color_pantalla11
      93.  00:8279  11 00 20            	LD		DE,#2000
      94.  00:827C  01 00 08            	LD		BC,256*8*1
      95.  00:827F  CD 5C 00            	CALL	LDIRVM
      96.  00:8282                      	
      97.  00:8282                      	;cangando banco 2
      98.  00:8282                      	;cargamos los patrones
      99.  00:8282  21 08 98            	LD		HL,tiles_patrones_pantalla12
     100.  00:8285  11 00 08            	LD		DE,#0800
     101.  00:8288  01 00 08            	LD		BC,256*8*1
     102.  00:828B  CD 5C 00            	CALL	LDIRVM		
     103.  00:828E                      	;cargamos mapa de pantalla
     104.  00:828E  21 08 A8            	LD		HL,tiles_mapa_pantalla12
     105.  00:8291  11 00 19            	LD		DE,#1900
     106.  00:8294  01 00 01            	LD		BC,256*1
     107.  00:8297  CD 5C 00            	CALL	LDIRVM
     108.  00:829A                      	;cargamos los colores de los patrones
     109.  00:829A  21 08 A0            	LD		HL,tiles_color_pantalla12
     110.  00:829D  11 00 28            	LD		DE,#2800
     111.  00:82A0  01 00 08            	LD		BC,256*8*1
     112.  00:82A3  CD 5C 00            	CALL	LDIRVM
     113.  00:82A6                      	
     114.  00:82A6                      	;actualiza numero de puertas
     115.  00:82A6                      	;CALL	actualiza_puertas
     116.  00:82A6                      fin_pinta_parte_superior_pantalla:
     117.  00:82A6  C9                  	RET
     118.  00:82A7                      
     119.  00:82A7                      
     120.  00:82A7                      ;;=====================================================
     121.  00:82A7                      ;;PINTA_PARTE_INFERIOR_PANTALLA
     122.  00:82A7                      ;;=====================================================	
     123.  00:82A7                      ; función: pinta la parte inferior del escenario que es común
     124.  00:82A7                      ; entrada: -
     125.  00:82A7                      ; salida: -
     126.  00:82A7                      ; toca: si no son todos los regristros, casi todos
     127.  00:82A7                      pinta_parte_inferior_pantalla:
     128.  00:82A7                      	;cangando banco 3
     129.  00:82A7                      	;cargamos los patrones
     130.  00:82A7  21 08 A9            	LD		HL,tiles_patrones_pantalla3
     131.  00:82AA  11 00 10            	LD		DE,#1000
     132.  00:82AD  01 00 08            	LD		BC,256*8*1
     133.  00:82B0  CD 5C 00            	CALL	LDIRVM		
     134.  00:82B3                      	;cargamos mapa de pantalla
     135.  00:82B3  21 08 B9            	LD		HL,tiles_mapa_pantalla3
     136.  00:82B6  11 00 1A            	LD		DE,#1A00
     137.  00:82B9  01 00 01            	LD		BC,256*1
     138.  00:82BC  CD 5C 00            	CALL	LDIRVM
     139.  00:82BF                      	;cargamos los colores de los patrones
     140.  00:82BF  21 08 B1            	LD		HL,tiles_color_pantalla3
     141.  00:82C2  11 00 30            	LD		DE,#3000
     142.  00:82C5  01 00 08            	LD		BC,256*8*1
     143.  00:82C8  CD 5C 00            	CALL	LDIRVM
     144.  00:82CB                      	
     145.  00:82CB                      
     146.  00:82CB                      	;CALL	actualiza_energia
     147.  00:82CB                      	;CALL	actualiza_reliquias
     148.  00:82CB                      	;CALL	actualiza_nivel
     149.  00:82CB                      	;CALL	actualiza_tiempo
     150.  00:82CB                      	;CALL	actualiza_mapa
     151.  00:82CB                      	;CALL	actualiza_posición
     152.  00:82CB                      fin_pinta_parte_inferior_pantalla:
     153.  00:82CB  C9                  	RET
     154.  00:82CC                      
     155.  00:82CC                      
     156.  00:82CC                      
     157.  00:82CC                      ;;=====================================================
     158.  00:82CC                      ;;ACTUALIZA_MARCADOR_VIDAS
     159.  00:82CC                      ;;=====================================================	
     160.  00:82CC                      ; función:  actualiza el buffer de vidas
     161.  00:82CC                      ; entrada: 	prota.vidas
     162.  00:82CC                      ; salida: 	array_aux_vidas
     163.  00:82CC                      ; toca:		A,B,HL
     164.  00:82CC                      actualiza_marcador_vidas:
     165.  00:82CC                      	;para no andar restando pongo todos los huecos a negro y luego en otro bucle las caras
     166.  00:82CC                      	;1-pinto todo en blanco
     167.  00:82CC  21 E2 86            	LD		HL,array_aux_vidas
     168.  00:82CF  06 08               	LD		 B,NMAXVIDREL
     169.  00:82D1                      loop_marcador_caras_negro:	;asignar espacios en negro
     170.  00:82D1  36 00               	LD		(HL),0			;0 posición mapa tiles para nada (es transparente pero el fondo es negro)
     171.  00:82D3  23                  	INC		HL
     172.  00:82D4  10 FB               	DJNZ	loop_marcador_caras_negro
     173.  00:82D6                      fin_loop_marcador_caras_negro:
     174.  00:82D6                      	;2-pinto las caras según el n de vidas
     175.  00:82D6  21 E2 86            	LD		HL,array_aux_vidas
     176.  00:82D9  3A 05 87            	LD		 A,(prota.vidas)
     177.  00:82DC  47                  	LD		 B,A
     178.  00:82DD                      loop_marcador_caras: ;asignar caras
     179.  00:82DD  36 0D               	LD		(HL),POSCARAMAP	;13 posición mapa tiles para cara
     180.  00:82DF  23                  	INC		HL
     181.  00:82E0  10 FB               	DJNZ	loop_marcador_caras
     182.  00:82E2                      fin_loop_marcador_caras:
     183.  00:82E2                      fin_actualiza_marcador_vidas:
     184.  00:82E2  C9                  	RET
     185.  00:82E3                      
     186.  00:82E3                      
     187.  00:82E3                      ;;=====================================================
     188.  00:82E3                      ;;PINTA_VIDAS
     189.  00:82E3                      ;;=====================================================	
     190.  00:82E3                      ; función: 	actualiza el mapa de tiles para que en el próximo refresco se pinten y actualiza_vidas
     191.  00:82E3                      ; entrada: 	array_aux_vidas
     192.  00:82E3                      ; salida: 	actualiza_vidas_sn
     193.  00:82E3                      ; toca:		B,HL
     194.  00:82E3                      pinta_vidas:
     195.  00:82E3  21 E2 86            	LD		HL,array_aux_vidas
     196.  00:82E6  11 48 1A            	LD		DE,SC2MAP + POSVIDAS 	;inicio posición en el mapa de tiles de las vidas
     197.  00:82E9  01 08 00            	LD		BC,NMAXVIDREL			;hay 8 posiciones para vidas/reliquias o espacios en negro si no tiene 8 vidas/reliquias
     198.  00:82EC  CD 5C 00            	CALL	LDIRVM
     199.  00:82EF                      	
     200.  00:82EF                      	;una vez quer está pintada ya no se actualizará a menos que perdamos/ganemos una vida
     201.  00:82EF  AF                  	XOR		 A
     202.  00:82F0  32 EB 86            	LD		(actualiza_vidas_sn),A
     203.  00:82F3                      fin_pinta_vidas:
     204.  00:82F3  C9                  	RET
     205.  00:82F4                      	
     206.  00:82F4                      
     207.  00:82F4                      
     208.  00:82F4                      
     209.  00:82F4                      	
     210.  00:82F4                      ;;=====================================================
     211.  00:82F4                      ;;PINTA_NIVEL
     212.  00:82F4                      ;;=====================================================	
     213.  00:82F4                      ; función: 	actualiza el nivel en la parte de puntuación
     214.  00:82F4                      ; entrada: 	prota.nivel
     215.  00:82F4                      ; salida: 	-
     216.  00:82F4                      ; toca:		HL,DE,BC
     217.  00:82F4                      pinta_nivel:	
     218.  00:82F4  3A 03 87            	LD		  A,(prota.nivel)
     219.  00:82F7  C6 30               	ADD		 '0'					;posición base ascii de 0 que coincide con la pos de 0 en el banco 3 de los tiles
     220.  00:82F9                      
     221.  00:82F9  77                  	LD		(HL),A	
     222.  00:82FA  11 B4 1A            	LD		DE,SC2MAP + POSNIVEL	;posición en el mapa del tile del nivel
     223.  00:82FD  01 01 00            	LD		BC,1
     224.  00:8300  CD 5C 00            	CALL	LDIRVM
     225.  00:8303                      fin_pinta_nivel:
     226.  00:8303  C9                  	RET
     227.  00:8304                      
     228.  00:8304                      	
      57   00:8304                      
      58   00:8304                      ; sólo para hacer pruebas y pinter la parte de las vidas y demás
      59   00:8304                      inicializa_variables_pruebas:
      60   00:8304  3E 03               	LD		 A,3
      61   00:8306  32 05 87            	LD		(prota.vidas),A
      62   00:8309                      
      63   00:8309  3E 01               	LD		 A,SI	
      64   00:830B  32 EB 86            	LD		(actualiza_vidas_sn),A	;actualizo la variable para que pinte vidas 1 sí / 0 no
      65   00:830E                      
      66   00:830E  3E 02               	LD		 A,2
      67   00:8310  32 07 87            	LD		(prota.reliquias),A
      68   00:8313                      	
      69   00:8313  3E 01               	LD		 A,SI	
      70   00:8315  32 F5 86            	LD		(actualiza_reliquias_sn),A	;actualizo la variable para que pinte vidas 1 sí / 0 no
      71   00:8318                      
      72   00:8318  3E FA               	LD		 A,250
      73   00:831A  32 06 87            	LD		(prota.energia),A
      74   00:831D                      
      75   00:831D  3E 05               	LD		 A,5
      76   00:831F  32 03 87            	LD		(prota.nivel),A		; nivel empieza en 0 para usar las posiciones ascii
      77   00:8322                      	
      78   00:8322  3E 04               	LD		 A,#04			;fila 0 columna 4
      79   00:8324  32 04 87            	LD		(prota.pos_nivel),A
      80   00:8327                      
      81   00:8327                      ;	CALL	pinta_vidas
      82   00:8327                      ;	CALL	pinta_reliquias
      83   00:8327                      ;	CALL	pinta_energía
      84   00:8327                      ;	CALL	pinta_pantalla -> CALL pinta_puertas
      85   00:8327                      	
      86   00:8327                      fin_inicializa_variables_pruebas:
      87   00:8327  C9                  	RET
      88   00:8328                      
      89   00:8328                      
      90   00:8328                      
      91   00:8328                      ;;=====================================================
      92   00:8328                      ;;ACTUALIZA_MARCADOR_RELIQUIAS
      93   00:8328                      ;;=====================================================	
      94   00:8328                      ; función: 	actualiza buffer de reliquias
      95   00:8328                      ; entrada: 	prota.reliquias
      96   00:8328                      ; salida: 	array_aux_reliquias
      97   00:8328                      ; toca:		A,B,HL
      98   00:8328                      ;~ actualiza_marcador_reliquias:
      99   00:8328                      	;~ ;para no andar restando pongo todos los huecos a negro y luego en otro bucle las reliquias
     100   00:8328                      	;~ ;1-pinto todo en blanco
     101   00:8328                      	;~ LD		HL,array_aux_reliquias
     102   00:8328                      	;~ LD		 B,NMAXVIDREL
     103   00:8328                      ;~ loop_marcador_reliquias_negro:	;asignar espacios en negro
     104   00:8328                      	;~ LD		(HL),0			;0 posición mapa tiles para nada (es transparente pero el fondo es negro)
     105   00:8328                      	;~ INC		HL
     106   00:8328                      	;~ DJNZ	loop_marcador_reliquias_negro
     107   00:8328                      ;~ fin_loop_marcador_reliquias_negro:
     108   00:8328                      	;~ ;2-pinto las cruces según el n de reliquias
     109   00:8328                      	;~ LD		HL,array_aux_reliquias
     110   00:8328                      	;~ LD		 A,(prota.reliquias)
     111   00:8328                      	;~ LD		 B,A
     112   00:8328                      ;~ loop_marcador_reliquias: ;asignar reliquias
     113   00:8328                      	;~ LD		(HL),POSRELIMAP	;17 posición mapa tiles para reliquia
     114   00:8328                      	;~ INC		HL
     115   00:8328                      	;~ DJNZ	loop_marcador_reliquias
     116   00:8328                      ;~ fin_loop_marcador_reliquias:
     117   00:8328                      ;~ fin_actualiza_marcador_reliquias:
     118   00:8328                      
     119   00:8328                      
     120   00:8328                      actualiza_marcador_reliquias:
     121   00:8328                      	;~ ;para no andar restando pongo todos los huecos a negro y luego en otro bucle las caras
     122   00:8328                      	;~ ;1-pinto todo en blanco
     123   00:8328                      	;~ LD		HL,array_aux_reliquias
     124   00:8328                      	;~ LD		 B,NMAXVIDREL
     125   00:8328                      ;~ loop_marcador_reliquias_negro:	;asignar espacios en negro
     126   00:8328                      	;~ LD		(HL),0			;0 posición mapa tiles para nada (es transparente pero el fondo es negro)
     127   00:8328                      	;~ INC		HL
     128   00:8328                      	;~ DJNZ	loop_marcador_reliquias_negro
     129   00:8328                      ;~ fin_loop_marcador_reliquias_negro:
     130   00:8328                      	;2-pinto las caras según el n de vidas
     131   00:8328  DD 21 EC 86         	LD		IX,array_aux_reliquias
     132   00:832C  DD 36 00 0F         	LD		(IX),15
     133   00:8330  DD 36 01 0F         	LD		(IX+1),15
     134   00:8334  DD 36 02 0F         	LD		(IX+2),15
     135   00:8338  DD 36 03 0F         	LD		(IX+3),15
     136   00:833C  DD 36 04 0F         	LD		(IX+4),15
     137   00:8340                      	
     138   00:8340                      	
     139   00:8340                      fin_loop_marcador_reliquias:
     140   00:8340                      fin_actualiza_marcador_reliquias:
     141   00:8340                      
     142   00:8340  C9                  	RET
     143   00:8341                      
     144   00:8341                      
     145   00:8341                      
     146   00:8341                      ;;=====================================================
     147   00:8341                      ;;PINTA_RELIQUIAS
     148   00:8341                      ;;=====================================================	
     149   00:8341                      ; función: 	actualiza el mapa de tiles para que en el próximo refresco se pinten y actualiza_reliquias
     150   00:8341                      ; entrada: 	array_aux_reliquias
     151   00:8341                      ; salida: 	actualiza_reliquias_sn
     152   00:8341                      ; toca:		BC,HL,DE
     153   00:8341                      pinta_reliquias:
     154   00:8341  21 EC 86            	LD		HL,array_aux_reliquias
     155   00:8344  11 C8 1A            	LD		DE,SC2MAP + POSRELIQ 	;inicio posición en el mapa de tiles de las vidas
     156   00:8347  01 08 00            	LD		BC,NMAXVIDREL			;hay 8 posiciones para vidas/reliquias o espacios en negro si no tiene 8 vidas/reliquias
     157   00:834A  CD 5C 00            	CALL	LDIRVM
     158   00:834D                      	
     159   00:834D                      	;una vez quer está pintada ya no se actualizará a menos que ganemos/gastemos una reliquia
     160   00:834D  AF                  	XOR		 A
     161   00:834E  32 F5 86            	LD		(actualiza_reliquias_sn),A
     162   00:8351                      fin_pinta_reliquias:
     163   00:8351  C9                  	RET
     164   00:8352                      	
     165   00:8352                      	
     166   00:8352                      	
     167   00:8352                      ;;=====================================================
     168   00:8352                      ;;DEFINICIÓN DE ESTRUCTURAS
     169   00:8352                      ;;=====================================================		
     170   00:8352                      	include "estructuras.asm"
       1.  00:8352                      ;;=====================================================
       2.  00:8352                      ;;DEFINICIÓN DE ESTRUCTURAS
       3.  00:8352                      ;;=====================================================
       4.  00:8352                      
       5.  00:8352                      	STRUCT ESTRUCTURA_PUNTOMIRA
       6.  00:8352                    < posx		DB		0
       7.  00:8352                    < posy		DB		0
       8.  00:8352                    < color		DB		0
       9.  00:8352                    < retardo		DB		0
      10.  00:8352                    < ; al final he decidido (ya que el punto de mira es el prota) que lo relacionado con el prota vaya en esta estructura
      11.  00:8352                    < nivel		DB		0
      12.  00:8352                    < pos_nivel	DB		0	;como es una matriz de 8x8 (aunque sólo use 7x7) se usa el bytealto para fila y el byte bajo para columna
      13.  00:8352                    < vidas		DB		3
      14.  00:8352                    < energia		DB		250
      15.  00:8352                    < reliquias	DB		3
      16.  00:8352                    < 	ENDSTRUCT;ESTRUCTURA_PUNTOMIRA
      17.  00:8352                      	
      18.  00:8352                      	STRUCT ESTRUCTURA_ENEMIGO
      19.  00:8352                    < existe		DB		0			;0 no existe y 1 existe (así recorro el array y sólo actuo en los enemigos creados no muertos)
      20.  00:8352                    < tipo		DB		0			;(0 serpiente)
      21.  00:8352                    < posx		DB		50
      22.  00:8352                    < posy		DB		50
      23.  00:8352                    < color		DB		5
      24.  00:8352                    < paso		DB		0			;paso 0 o 1 (2 escenas)
      25.  00:8352                    < retardo		DB		0			;entre 0 y 9
      26.  00:8352                    < energia		DB		0			;energía del enemigo... si llega a 0 => existe <- 0
      27.  00:8352                    < 	ENDSTRUCT;ESTRUCTURA_PUNTOMIRAA
     171   00:8352                      	
     172   00:8352                      ;;=====================================================
     173   00:8352                      ;;DEFINICIÓN DE VARIABLES
     174   00:8352                      ;;=====================================================		
     175   00:8352                      	include "sprites.asm"
       1.  00:8352                      ;;=====================================================
       2.  00:8352                      ;;DEFINICIÓN DE SPRITES
       3.  00:8352                      ;;=====================================================	
       4.  00:8352                      sprites_pantantalla:
       5.  00:8352                      
       6.  00:8352                      sprite_punto_mira:
       7.  00:8352                      	db  #00,#01,#0F,#11,#20,#24,#20,#71
       7.  00:8352  00 01 0F 11 20 24 20 71 
       8.  00:835A                      	db  #71,#20,#24,#20,#11,#0F,#01,#00
       8.  00:835A  71 20 24 20 11 0F 01 00 
       9.  00:8362                      	db  #00,#80,#F0,#88,#04,#24,#04,#8E
       9.  00:8362  00 80 F0 88 04 24 04 8E 
      10.  00:836A                      	db  #8E,#04,#24,#04,#88,#F0,#80,#00
      10.  00:836A  8E 04 24 04 88 F0 80 00 
      11.  00:8372                      	
      12.  00:8372                      sprite_punto_mira_disp:
      13.  00:8372                      	DB  #FF,#FF,#FF,#FF,#FF,#FF,#FF,#FF
      13.  00:8372  FF FF FF FF FF FF FF FF 
      14.  00:837A                      	DB  #FF,#FF,#FF,#FF,#FF,#FF,#FF,#FF
      14.  00:837A  FF FF FF FF FF FF FF FF 
      15.  00:8382                      	DB  #FF,#FF,#FF,#FF,#FF,#FF,#FF,#FF
      15.  00:8382  FF FF FF FF FF FF FF FF 
      16.  00:838A                      	DB  #FF,#FF,#FF,#FF,#FF,#FF,#FF,#FF
      16.  00:838A  FF FF FF FF FF FF FF FF 
      17.  00:8392                      	
      18.  00:8392                      serpiente_paso1:
      19.  00:8392                      	DB #00,#00,#00,#00,#00,#00,#00,#10
      19.  00:8392  00 00 00 00 00 00 00 10 
      20.  00:839A                      	DB #30,#20,#60,#70,#38,#1C,#1F,#0F
      20.  00:839A  30 20 60 70 38 1C 1F 0F 
      21.  00:83A2                      	DB #00,#38,#7C,#76,#7E,#7C,#FA,#C1
      21.  00:83A2  00 38 7C 76 7E 7C FA C1 
      22.  00:83AA                      	DB #E0,#60,#70,#78,#3C,#1C,#F8,#F8
      22.  00:83AA  E0 60 70 78 3C 1C F8 F8 
      23.  00:83B2                      
      24.  00:83B2                      serpiente_paso2:
      25.  00:83B2                      	DB #00,#00,#00,#00,#00,#00,#01,#05
      25.  00:83B2  00 00 00 00 00 00 01 05 
      26.  00:83BA                      	DB #1C,#30,#30,#30,#38,#1C,#1F,#0F
      26.  00:83BA  1C 30 30 30 38 1C 1F 0F 
      27.  00:83C2                      	DB #00,#70,#F8,#EC,#FC,#F8,#F5,#C2
      27.  00:83C2  00 70 F8 EC FC F8 F5 C2 
      28.  00:83CA                      	DB #E0,#60,#70,#38,#18,#1C,#F8,#F0
      28.  00:83CA  E0 60 70 38 18 1C F8 F0 
     176   00:83D2                      	
     177   00:83D2                      	include "habitaciones.asm"
       1.  00:83D2                      ;;=====================================================
       2.  00:83D2                      ;;DEFINICIÓN DE HABITACIONES x NIVEL
       3.  00:83D2                      ;;=====================================================	
       4.  00:83D2                      
       5.  00:83D2                      ; sólo voy a usar 7x7 pero como los arrays son lineales y voy a trabajar con matrices
       6.  00:83D2                      ; me interesa que seande  8x8 aunque sólo trabaje con 7x7
       7.  00:83D2                      
       8.  00:83D2                      ; ojo... la primera linea corresponderá a la primera linea del castillo no a la última
       9.  00:83D2                      
      10.  00:83D2                      ;; definición de estructura de bits
      11.  00:83D2                      ;~ Tipo DW
      12.  00:83D2                      ;~ 0 - lleno o vacío (si ya se ha pasado)
      13.  00:83D2                      ;~ 0000 - nº puertas 1 arriba 1 derecha 1 abajo 1 izquierda
      14.  00:83D2                      ;~ 1 - hay reliquia?
      15.  00:83D2                      ;~ 1 - hay vida extra?
      16.  00:83D2                      ;~ 1 - hay arma extra (durará 6 pantallas - sonido distinto)
      17.  00:83D2                      ;~ 1 - hay energía? (sobran bits ... se puede usar otro como carga energía +)
      18.  00:83D2                      ;~ 1 - es pantalla final?
      19.  00:83D2                      ;~ 1 - es pantalla inicial (equivaldría a la puerta de un castillo)?
      20.  00:83D2                      ;~ 1 - es pantalla de mostruo fin de fase?
      21.  00:83D2                      
      22.  00:83D2                      
      23.  00:83D2                      habitaciones:
      24.  00:83D2                      
      25.  00:83D2                      habitaciones_nivel1:
      26.  00:83D2                      ;--------------------* habitación inicial
      27.  00:83D2                      	dw  #00,#00,#00,#1F,#00,#00,#00,#00 ;(primera fila)
      27.  00:83D2  00 00 00 00 00 00 1F 00 00 00 00 00 00 00 00 00 
      28.  00:83E2                      	dw  #00,#00,#00,#00,#00,#00,#00,#00
      28.  00:83E2  00 00 00 00 00 00 00 00 00 00 00 00 00 00 00 00 
      29.  00:83F2                      	dw  #00,#00,#00,#00,#00,#00,#00,#00
      29.  00:83F2  00 00 00 00 00 00 00 00 00 00 00 00 00 00 00 00 
      30.  00:8402                      	dw  #00,#00,#00,#00,#00,#00,#00,#00
      30.  00:8402  00 00 00 00 00 00 00 00 00 00 00 00 00 00 00 00 
      31.  00:8412                      	dw  #00,#00,#00,#00,#00,#00,#00,#00
      31.  00:8412  00 00 00 00 00 00 00 00 00 00 00 00 00 00 00 00 
      32.  00:8422                      	dw  #00,#00,#00,#00,#00,#00,#00,#00
      32.  00:8422  00 00 00 00 00 00 00 00 00 00 00 00 00 00 00 00 
      33.  00:8432                      	dw  #00,#00,#00,#00,#00,#00,#00,#00 ;(última fila)
      33.  00:8432  00 00 00 00 00 00 00 00 00 00 00 00 00 00 00 00 
      34.  00:8442                      	
      35.  00:8442                      habitaciones_nivel2:
      36.  00:8442                      	dw  #00,#00,#00,#00,#00,#00,#00,#00 ;(primera fila)
      36.  00:8442  00 00 00 00 00 00 00 00 00 00 00 00 00 00 00 00 
      37.  00:8452                      	dw  #00,#00,#00,#00,#00,#00,#00,#00
      37.  00:8452  00 00 00 00 00 00 00 00 00 00 00 00 00 00 00 00 
      38.  00:8462                      	dw  #00,#00,#00,#00,#00,#00,#00,#00
      38.  00:8462  00 00 00 00 00 00 00 00 00 00 00 00 00 00 00 00 
      39.  00:8472                      	dw  #00,#00,#00,#00,#00,#00,#00,#00
      39.  00:8472  00 00 00 00 00 00 00 00 00 00 00 00 00 00 00 00 
      40.  00:8482                      	dw  #00,#00,#00,#00,#00,#00,#00,#00
      40.  00:8482  00 00 00 00 00 00 00 00 00 00 00 00 00 00 00 00 
      41.  00:8492                      	dw  #00,#00,#00,#00,#00,#00,#00,#00
      41.  00:8492  00 00 00 00 00 00 00 00 00 00 00 00 00 00 00 00 
      42.  00:84A2                      	dw  #00,#00,#00,#00,#00,#00,#00,#00 ;(última fila)
      42.  00:84A2  00 00 00 00 00 00 00 00 00 00 00 00 00 00 00 00 
      43.  00:84B2                      	
      44.  00:84B2                      habitaciones_nivel3:
      45.  00:84B2                      	dw  #00,#00,#00,#00,#00,#00,#00,#00 ;(primera fila)
      45.  00:84B2  00 00 00 00 00 00 00 00 00 00 00 00 00 00 00 00 
      46.  00:84C2                      	dw  #00,#00,#00,#00,#00,#00,#00,#00
      46.  00:84C2  00 00 00 00 00 00 00 00 00 00 00 00 00 00 00 00 
      47.  00:84D2                      	dw  #00,#00,#00,#00,#00,#00,#00,#00
      47.  00:84D2  00 00 00 00 00 00 00 00 00 00 00 00 00 00 00 00 
      48.  00:84E2                      	dw  #00,#00,#00,#00,#00,#00,#00,#00
      48.  00:84E2  00 00 00 00 00 00 00 00 00 00 00 00 00 00 00 00 
      49.  00:84F2                      	dw  #00,#00,#00,#00,#00,#00,#00,#00
      49.  00:84F2  00 00 00 00 00 00 00 00 00 00 00 00 00 00 00 00 
      50.  00:8502                      	dw  #00,#00,#00,#00,#00,#00,#00,#00
      50.  00:8502  00 00 00 00 00 00 00 00 00 00 00 00 00 00 00 00 
      51.  00:8512                      	dw  #00,#00,#00,#00,#00,#00,#00,#00 ;(última fila)
      51.  00:8512  00 00 00 00 00 00 00 00 00 00 00 00 00 00 00 00 
      52.  00:8522                      	
      53.  00:8522                      habitaciones_nivel4:
      54.  00:8522                      	dw  #00,#00,#00,#00,#00,#00,#00,#00 ;(primera fila)
      54.  00:8522  00 00 00 00 00 00 00 00 00 00 00 00 00 00 00 00 
      55.  00:8532                      	dw  #00,#00,#00,#00,#00,#00,#00,#00
      55.  00:8532  00 00 00 00 00 00 00 00 00 00 00 00 00 00 00 00 
      56.  00:8542                      	dw  #00,#00,#00,#00,#00,#00,#00,#00
      56.  00:8542  00 00 00 00 00 00 00 00 00 00 00 00 00 00 00 00 
      57.  00:8552                      	dw  #00,#00,#00,#00,#00,#00,#00,#00
      57.  00:8552  00 00 00 00 00 00 00 00 00 00 00 00 00 00 00 00 
      58.  00:8562                      	dw  #00,#00,#00,#00,#00,#00,#00,#00
      58.  00:8562  00 00 00 00 00 00 00 00 00 00 00 00 00 00 00 00 
      59.  00:8572                      	dw  #00,#00,#00,#00,#00,#00,#00,#00
      59.  00:8572  00 00 00 00 00 00 00 00 00 00 00 00 00 00 00 00 
      60.  00:8582                      	dw  #00,#00,#00,#00,#00,#00,#00,#00 ;(última fila)
      60.  00:8582  00 00 00 00 00 00 00 00 00 00 00 00 00 00 00 00 
      61.  00:8592                      	
      62.  00:8592                      habitaciones_nivel5:
      63.  00:8592                      	dw  #00,#00,#00,#00,#00,#00,#00,#00 ;(primera fila)
      63.  00:8592  00 00 00 00 00 00 00 00 00 00 00 00 00 00 00 00 
      64.  00:85A2                      	dw  #00,#00,#00,#00,#00,#00,#00,#00
      64.  00:85A2  00 00 00 00 00 00 00 00 00 00 00 00 00 00 00 00 
      65.  00:85B2                      	dw  #00,#00,#00,#00,#00,#00,#00,#00
      65.  00:85B2  00 00 00 00 00 00 00 00 00 00 00 00 00 00 00 00 
      66.  00:85C2                      	dw  #00,#00,#00,#00,#00,#00,#00,#00
      66.  00:85C2  00 00 00 00 00 00 00 00 00 00 00 00 00 00 00 00 
      67.  00:85D2                      	dw  #00,#00,#00,#00,#00,#00,#00,#00
      67.  00:85D2  00 00 00 00 00 00 00 00 00 00 00 00 00 00 00 00 
      68.  00:85E2                      	dw  #00,#00,#00,#00,#00,#00,#00,#00
      68.  00:85E2  00 00 00 00 00 00 00 00 00 00 00 00 00 00 00 00 
      69.  00:85F2                      	dw  #00,#00,#00,#00,#00,#00,#00,#00 ;(última fila)
      69.  00:85F2  00 00 00 00 00 00 00 00 00 00 00 00 00 00 00 00 
      70.  00:8602                      	
      71.  00:8602                      habitaciones_nivel6:
      72.  00:8602                      	dw  #00,#00,#00,#00,#00,#00,#00,#00 ;(primera fila)
      72.  00:8602  00 00 00 00 00 00 00 00 00 00 00 00 00 00 00 00 
      73.  00:8612                      	dw  #00,#00,#00,#00,#00,#00,#00,#00
      73.  00:8612  00 00 00 00 00 00 00 00 00 00 00 00 00 00 00 00 
      74.  00:8622                      	dw  #00,#00,#00,#00,#00,#00,#00,#00
      74.  00:8622  00 00 00 00 00 00 00 00 00 00 00 00 00 00 00 00 
      75.  00:8632                      	dw  #00,#00,#00,#00,#00,#00,#00,#00
      75.  00:8632  00 00 00 00 00 00 00 00 00 00 00 00 00 00 00 00 
      76.  00:8642                      	dw  #00,#00,#00,#00,#00,#00,#00,#00
      76.  00:8642  00 00 00 00 00 00 00 00 00 00 00 00 00 00 00 00 
      77.  00:8652                      	dw  #00,#00,#00,#00,#00,#00,#00,#00
      77.  00:8652  00 00 00 00 00 00 00 00 00 00 00 00 00 00 00 00 
      78.  00:8662                      	dw  #00,#00,#00,#00,#00,#00,#00,#00 ;(última fila)
      78.  00:8662  00 00 00 00 00 00 00 00 00 00 00 00 00 00 00 00 
      79.  00:8672                      	
      80.  00:8672                      habitaciones_nivel7:
      81.  00:8672                      	dw  #00,#00,#00,#00,#00,#00,#00,#00 ;(primera fila)
      81.  00:8672  00 00 00 00 00 00 00 00 00 00 00 00 00 00 00 00 
      82.  00:8682                      	dw  #00,#00,#00,#00,#00,#00,#00,#00
      82.  00:8682  00 00 00 00 00 00 00 00 00 00 00 00 00 00 00 00 
      83.  00:8692                      	dw  #00,#00,#00,#00,#00,#00,#00,#00
      83.  00:8692  00 00 00 00 00 00 00 00 00 00 00 00 00 00 00 00 
      84.  00:86A2                      	dw  #00,#00,#00,#00,#00,#00,#00,#00
      84.  00:86A2  00 00 00 00 00 00 00 00 00 00 00 00 00 00 00 00 
      85.  00:86B2                      	dw  #00,#00,#00,#00,#00,#00,#00,#00
      85.  00:86B2  00 00 00 00 00 00 00 00 00 00 00 00 00 00 00 00 
      86.  00:86C2                      	dw  #00,#00,#00,#00,#00,#00,#00,#00
      86.  00:86C2  00 00 00 00 00 00 00 00 00 00 00 00 00 00 00 00 
      87.  00:86D2                      	dw  #00,#00,#00,#00,#00,#00,#00,#00 ;(última fila)
      87.  00:86D2  00 00 00 00 00 00 00 00 00 00 00 00 00 00 00 00 
      88.  00:86E2                      	
     178   00:86E2                      	
     179   00:86E2                      	include "variables.asm"
       1.  00:86E2                      ;;=====================================================
       2.  00:86E2                      ;;DEFINICIÓN DE VARIABLES
       3.  00:86E2                      ;;=====================================================	
       4.  00:86E2                      array_aux_vidas: 		;array para pintar de golpe el marcador de vidas
       5.  00:86E2                      			DB		0,0,0,0,0,0,0,0,0
       5.  00:86E2  00 00 00 00 00 00 00 00 00 
       6.  00:86EB                      actualiza_vidas_sn:
       7.  00:86EB  00                  			DB		0 ;valor que indica si hay que actualizar el marcador de vidas 1 ó no 0
       8.  00:86EC                      
       9.  00:86EC                      
      10.  00:86EC                      array_aux_reliquias: 		;array para pintar de golpe el marcador de reliquias
      11.  00:86EC                      			DB		0,0,0,0,0,0,0,0,0
      11.  00:86EC  00 00 00 00 00 00 00 00 00 
      12.  00:86F5                      actualiza_reliquias_sn:
      13.  00:86F5  00                  			DB		0 ;valor que indica si hay que actualizar el marcador de reliquias 1 ó no 0
      14.  00:86F6                      
      15.  00:86F6                      
      16.  00:86F6                      array_aux_energia:	;array para pintar de golpe el marcador de energía
      17.  00:86F6                      			DB		0,0,0,0,0,0,0,0,0
      17.  00:86F6  00 00 00 00 00 00 00 00 00 
      18.  00:86FF                      
     180   00:86FF                      	
     181   00:86FF                      ; pasar a fichero aparte
     182   00:86FF                      ;definicion de variable del prota usando la estructura del punto de mira
     183   00:86FF                      prota:		ESTRUCTURA_PUNTOMIRA
     183   00:86FF  00 00 00 00 00 00 03 FA 03 
     184   00:8708                      
     185   00:8708                      
     186   00:8708                      
     187   00:8708                      
     188   00:8708                      ;(no sé si es útil) actualiza_vidas_sn:
     189   00:8708                      ;			DB		0 ;valor que indica si hay que actualizar el marcador de energía 1 ó no 0
     190   00:8708                      ;fin_actualiza_vida_sn:
     191   00:8708                      
     192   00:8708                      ;;=====================================================
     193   00:8708                      ;;DEFINICIÓN DE PANTALLAS
     194   00:8708                      ;;=====================================================		
     195   00:8708                      	include "pantallas.asm"
       1.  00:8708                      ;;=====================================================
       2.  00:8708                      ;;DEFINICIÓN DE PANTALLAS
       3.  00:8708                      ;;=====================================================		
       4.  00:8708                      
       5.  00:8708                      ; bancos 1 y de pantalla 1 (en realidad es una pantalla de pruebas)
       6.  00:8708  (0800)              tiles_patrones_pantalla11:	incbin "pan1_23.bank0.bin.chr"
       7.  00:8F08  (0800)              tiles_color_pantalla11:		incbin "pan1_23.bank0.bin.clr"
       8.  00:9708  (0100)              tiles_mapa_pantalla11:		incbin "pan1_23.bank0.bin.map"
       9.  00:9808  (0800)              tiles_patrones_pantalla12:	incbin "pan1_23.bank1.bin.chr"
      10.  00:A008  (0800)              tiles_color_pantalla12:		incbin "pan1_23.bank1.bin.clr"
      11.  00:A808  (0100)              tiles_mapa_pantalla12:		incbin "pan1_23.bank1.bin.map"
      12.  00:A908                      
      13.  00:A908                      ; 3º banco que es la parte de puntos, vidas, mapas, etc... es común
      14.  00:A908  (0800)              tiles_patrones_pantalla3:	incbin "pan_33.bin.chr"
      15.  00:B108  (0800)              tiles_color_pantalla3:		incbin "pan_33.bin.clr"
      16.  00:B908  (0100)              tiles_mapa_pantalla3:		incbin "pan_33.bin.map"
     196   00:BA08                      	
     197   00:BA08                      END:

    LABELS
-------------------------------------------------
00:000000D8 X GTTRIG
00:000000D5 X GTSTCK
00:0000F3DB   CLIKSW
00:0000013E X RDVDP
00:00000047   WRTVDP
00:0000005C   LDIRVM
00:00000059 X LDIRMV
00:0000005F   CHGMOD
00:00000041 X DISSCR
00:00000044 X ENASCR
00:00000062   CHGCLR
00:0000F3E9   FORCLR
00:0000F3EA   BAKCLR
00:0000F3EB   BDRCLR
00:000000C3   CLS
00:0000F3DF X RG0SAV
00:0000F3E0   RG1SAV
00:0000F3E1 X RG2SAV
00:0000F3E2 X RG3SAV
00:0000F3E3 X RG4SAV
00:0000F3E4 X RG5SAV
00:0000F3E5 X RG6SAV
00:0000F3E6 X RG7SAV
00:0000F3E7 X STATFL
00:00001800   SC2MAP
00:000000C0 X BEEP
00:00000001   SI
00:00000000 X NO
00:00000008   NMAXVIDREL
00:0000000D   POSCARAMAP
00:00000248   POSVIDAS
00:00000011 X POSRELIMAP
00:000002C8   POSRELIQ
00:000002B4   POSNIVEL
00:00008200   START
00:00008212   loop_principal
00:00008213 X mira_pinta_vidas
00:0000821C   fin_mira_pinta_vidas
00:0000821C X mira_pinta_reliquias
00:00008225   fin_mira_pinta_reliquias
00:0000822A   sub_preparapantalla
00:0000822A X elimina_clic
00:0000822E X fin_elimina_clic
00:0000822E X limpia_pantalla
00:00008232 X fin_limpia_pantalla
00:00008232 X set_color
00:00008244 X fin_set_color
00:00008244 X screen2
00:00008249 X sprites_16_16
00:00008257 X fin_sub_preparapantalla
00:00008257   pinta_pantalla_completa
00:0000825D X fin_pinta_pantalla_completa
00:0000825E   pinta_parte_superior_pantalla
00:000082A6 X fin_pinta_parte_superior_pantalla
00:000082A7   pinta_parte_inferior_pantalla
00:000082CB X fin_pinta_parte_inferior_pantalla
00:000082CC   actualiza_marcador_vidas
00:000082D1   loop_marcador_caras_negro
00:000082D6 X fin_loop_marcador_caras_negro
00:000082DD   loop_marcador_caras
00:000082E2 X fin_loop_marcador_caras
00:000082E2 X fin_actualiza_marcador_vidas
00:000082E3   pinta_vidas
00:000082F3 X fin_pinta_vidas
00:000082F4   pinta_nivel
00:00008303 X fin_pinta_nivel
00:00008304   inicializa_variables_pruebas
00:00008327 X fin_inicializa_variables_pruebas
00:00008328   actualiza_marcador_reliquias
00:00008340 X fin_loop_marcador_reliquias
00:00008340 X fin_actualiza_marcador_reliquias
00:00008341   pinta_reliquias
00:00008351 X fin_pinta_reliquias
00:00000000 X ESTRUCTURA_PUNTOMIRA.posx
00:00000001 X ESTRUCTURA_PUNTOMIRA.posy
00:00000002 X ESTRUCTURA_PUNTOMIRA.color
00:00000003 X ESTRUCTURA_PUNTOMIRA.retardo
00:00000004 X ESTRUCTURA_PUNTOMIRA.nivel
00:00000005 X ESTRUCTURA_PUNTOMIRA.pos_nivel
00:00000006 X ESTRUCTURA_PUNTOMIRA.vidas
00:00000007 X ESTRUCTURA_PUNTOMIRA.energia
00:00000008 X ESTRUCTURA_PUNTOMIRA.reliquias
00:00000009 X ESTRUCTURA_PUNTOMIRA
00:00000000 X ESTRUCTURA_ENEMIGO.existe
00:00000001 X ESTRUCTURA_ENEMIGO.tipo
00:00000002 X ESTRUCTURA_ENEMIGO.posx
00:00000003 X ESTRUCTURA_ENEMIGO.posy
00:00000004 X ESTRUCTURA_ENEMIGO.color
00:00000005 X ESTRUCTURA_ENEMIGO.paso
00:00000006 X ESTRUCTURA_ENEMIGO.retardo
00:00000007 X ESTRUCTURA_ENEMIGO.energia
00:00000008 X ESTRUCTURA_ENEMIGO
00:00008352 X sprites_pantantalla
00:00008352 X sprite_punto_mira
00:00008372 X sprite_punto_mira_disp
00:00008392 X serpiente_paso1
00:000083B2 X serpiente_paso2
00:000083D2 X habitaciones
00:000083D2 X habitaciones_nivel1
00:00008442 X habitaciones_nivel2
00:000084B2 X habitaciones_nivel3
00:00008522 X habitaciones_nivel4
00:00008592 X habitaciones_nivel5
00:00008602 X habitaciones_nivel6
00:00008672 X habitaciones_nivel7
00:000086E2   array_aux_vidas
00:000086EB   actualiza_vidas_sn
00:000086EC   array_aux_reliquias
00:000086F5   actualiza_reliquias_sn
00:000086F6 X array_aux_energia
00:000086FF X prota
00:000086FF X prota.posx
00:00008700 X prota.posy
00:00008701 X prota.color
00:00008702 X prota.retardo
00:00008703   prota.nivel
00:00008704   prota.pos_nivel
00:00008705   prota.vidas
00:00008706   prota.energia
00:00008707   prota.reliquias
00:00008708   tiles_patrones_pantalla11
00:00008F08   tiles_color_pantalla11
00:00009708   tiles_mapa_pantalla11
00:00009808   tiles_patrones_pantalla12
00:0000A008   tiles_color_pantalla12
00:0000A808   tiles_mapa_pantalla12
00:0000A908   tiles_patrones_pantalla3
00:0000B108   tiles_color_pantalla3
00:0000B908   tiles_mapa_pantalla3
00:0000BA08   END


 Output: t4.out
-------------------------------------------------

 Page: 00
  Org: 00008200  Size: *  Used: 00000000

    No output

 Output: t4.bin
-------------------------------------------------

 Page: 00
  Org: 00008200  Size: *  Used: 0000380F

   Address   Length Align   Label
   00008200   14351         START
